// Jest Snapshot v1, https://goo.gl/fbAQLP

exports[`Progress component sanity matches default snapshot 1`] = `
.c0 {
  -webkit-appearance: none;
  -moz-appearance: none;
  appearance: none;
  display: inline-block;
  overflow: hidden;
  height: 8px;
  border-radius: 8px;
}

.c0::-webkit-progress-bar {
  background-color: rgba(78,63,206,0.25);
}

.c0::-webkit-progress-value {
  background-color: #4E3FCE;
  border-radius: 8px;
}

<progress
  class="c0"
  primarycolor="#4E3FCE"
>
  
</progress>
`;

exports[`Progress component sanity matches themed snapshot 1`] = `
.c1 {
  -webkit-appearance: none;
  -moz-appearance: none;
  appearance: none;
  display: inline-block;
  overflow: hidden;
  height: 8px;
  border-radius: 8px;
}

.c1::-webkit-progress-bar {
  background-color: rgba(78,63,206,0.25);
}

.c1::-webkit-progress-value {
  background-color: #4E3FCE;
  border-radius: 8px;
}

.c0 {
  font-size: 1em;
  font-family: "Source Sans Pro",-apple-system,sans-serif;
  color: #3F3D4B;
}

<div
  class="c0"
>
  <progress
    class="c1"
    primarycolor="#4E3FCE"
  >
    
  </progress>
</div>
`;
